[    0.0 s] S2 CEILING DIAGNOSTIC -- seed 20260928 declared BEFORE any draw
[    0.0 s] SIGMA_U=[0.3, 0.5, 1.0] SIGMA_E=0.5 U_MAX=10.0 DU=0.5 N_BINS=20
[    0.0 s] tool: python 3.14.4 + numpy 2.5.2 + scipy; lean/coqc/isabelle/z3 NOT RUN
[    0.0 s] 
[    0.0 s] TEST 0 -- affine invariance of unfold()  (why chart L is exchangeable)
[    0.8 s]     max |unfold(e) - unfold(shift(e))| over 5 draws x 3 sigma_u = 1.137e-13
[    0.8 s]     -> chart L: fixture shift is invisible to the estimator: EXCHANGEABLE
[    0.8 s] 
[    0.8 s] TEST A -- exchangeability audit for chart T (log) vs chart L (linear)
[    0.8 s]          N=401, n_ref=400, n_test=250, seed=20260928
[   72.6 s]     sigma_u 0.3  ref curves built (linear + log)
[   89.2 s]     sigma_u 0.5  ref curves built (linear + log)
[  105.6 s]     sigma_u 1.0  ref curves built (linear + log)
    poisson 500/1200 done  (106 s)
    poisson 1000/1200 done  (106 s)
[  166.3 s]   -- sigma_u 0.3 --
[  166.3 s]      chi2  obs_L=9006.3   obs_T=8903.4   ref_L[med,q95]=9023.5,9295.8   ref_T[med,q95]=7435.6,7706.4
[  166.3 s]     CONTROL chart L (must be ~U(0,1))  mean=0.535 med=0.556  p<0.05:   4.50% +-1.04   p>0.95:   8.75% +-1.41
[  166.3 s]     chart T AS AUDITED (log obs, lin ref) mean=0.707 med=0.780  p<0.05:   0.25% +-0.25   p>0.95:  23.00% +-2.10
[  166.3 s]     chart T EXCHANGEABLE (log obs, log ref) mean=0.530 med=0.528  p<0.05:   3.00% +-0.85   p>0.95:   8.00% +-1.36
[  166.3 s]      power chart L (control)          =   0.00% +-0.00
[  166.3 s]      power chart T AS AUDITED          =   0.00% +-0.00
[  166.3 s]      power chart T EXCHANGEABLE        =   0.00% +-0.00
[  166.3 s]      gates chart L  q95_GUE=9295.8  q05_Pois=5135.9   |   chart T exch  q95_GUE=7706.4  q05_Pois=4124.5
[  227.3 s]   -- sigma_u 0.5 --
[  227.3 s]      chi2  obs_L=1329.7   obs_T=1300.6   ref_L[med,q95]=1341.0,1432.1   ref_T[med,q95]=1219.9,1304.6
[  227.3 s]     CONTROL chart L (must be ~U(0,1))  mean=0.549 med=0.592  p<0.05:   3.50% +-0.92   p>0.95:   6.75% +-1.25
[  227.3 s]     chart T AS AUDITED (log obs, lin ref) mean=0.695 med=0.748  p<0.05:   1.00% +-0.50   p>0.95:  13.50% +-1.71
[  227.3 s]     chart T EXCHANGEABLE (log obs, log ref) mean=0.550 med=0.576  p<0.05:   4.50% +-1.04   p>0.95:   6.00% +-1.19
[  227.3 s]      power chart L (control)          =   0.00% +-0.00
[  227.3 s]      power chart T AS AUDITED          =   0.00% +-0.00
[  227.3 s]      power chart T EXCHANGEABLE        =   0.00% +-0.00
[  227.3 s]      gates chart L  q95_GUE=1432.1  q05_Pois=1057.6   |   chart T exch  q95_GUE=1304.6  q05_Pois=1009.7
[  287.9 s]   -- sigma_u 1.0 --
[  287.9 s]      chi2  obs_L=219.4   obs_T=214.2   ref_L[med,q95]=219.1,250.8   ref_T[med,q95]=210.8,242.3
[  287.9 s]     CONTROL chart L (must be ~U(0,1))  mean=0.497 med=0.496  p<0.05:   4.50% +-1.04   p>0.95:   5.00% +-1.09
[  287.9 s]     chart T AS AUDITED (log obs, lin ref) mean=0.569 med=0.606  p<0.05:   2.25% +-0.74   p>0.95:   6.75% +-1.25
[  287.9 s]     chart T EXCHANGEABLE (log obs, log ref) mean=0.513 med=0.522  p<0.05:   5.25% +-1.12   p>0.95:   4.75% +-1.06
[  287.9 s]      power chart L (control)          =  94.80% +-1.40
[  287.9 s]      power chart T AS AUDITED          =  96.40% +-1.18
[  287.9 s]      power chart T EXCHANGEABLE        =  94.00% +-1.50
[  287.9 s]      gates chart L  q95_GUE=250.8  q05_Pois=1044.6   |   chart T exch  q95_GUE=242.3  q05_Pois=1038.4
[  287.9 s] 
[  288.0 s] TEST B -- power vs N   (seed=20260928, chart L, exchangeable by TEST 0)
[  288.0 s]   N=401 : n_ref=500 n_test=250 n_pois=1200
    gue 500/500 done  (332 s)
    poisson 500/1200 done  (353 s)
    poisson 1000/1200 done  (353 s)
[  394.3 s]     su 0.3  mu_GUE=9803.6+-176.2  mu_Pois=7103.4+-1313.5  q05_Pois=5409.0  q95_GUE=10083.0  sep=0.54  calib=  5.20% +-1.40  power=  0.00% +-0.00
[  435.0 s]     su 0.5  mu_GUE=1429.1+-56.0  mu_Pois=1844.2+-519.5  q05_Pois=1116.3  q95_GUE=1525.6  sep=0.73  calib=  4.40% +-1.30  power=  0.00% +-0.00
[  480.5 s]     su 1.0  mu_GUE=214.9+-19.2  mu_Pois=1497.5+-369.7  q05_Pois=983.0  q95_GUE=248.2  sep=3.96  calib=  5.60% +-1.45  power= 94.40% +-1.45
[  480.5 s]   N=801 : n_ref=300 n_test=150 n_pois=600
    poisson 500/600 done  (669 s)
[  768.4 s]     su 0.3  mu_GUE=13592.3+-220.5  mu_Pois=6949.0+-1572.2  q05_Pois=4875.6  q95_GUE=13970.2  sep=0.35  calib=  4.67% +-1.72  power=  0.00% +-0.00
[  868.4 s]     su 0.5  mu_GUE=2197.2+-79.0  mu_Pois=2494.7+-688.8  q05_Pois=1616.0  q95_GUE=2339.5  sep=0.69  calib=  2.00% +-1.14  power=  0.00% +-0.00
[  965.1 s]     su 1.0  mu_GUE=274.1+-22.2  mu_Pois=2556.9+-497.5  q05_Pois=1810.8  q95_GUE=309.6  sep=5.85  calib=  7.33% +-2.13  power= 92.67% +-2.13
[  965.1 s] 
[  965.1 s] ====================================================================================================
[  965.1 s] TEST B SUMMARY -- verdict window  [ , min(q95_GUE, q05_Pois) )
[  965.1 s] ====================================================================================================
[  965.1 s]   sigma_u      N  n_test   mu_GUE   sd_GUE  mu_Pois   sep=q05P/q95G  calib(is 0.05)  power
[  965.1 s]     0.3    401     250    9803.6    176.2   7103.4       0.54          5.20%       0.0%
[  965.1 s]     0.3    801     150   13592.3    220.5   6949.0       0.35          4.67%       0.0%
[  965.1 s] 
[  965.1 s]     0.5    401     250    1429.1     56.0   1844.2       0.73          4.40%       0.0%
[  965.1 s]     0.5    801     150    2197.2     79.0   2494.7       0.69          2.00%       0.0%
[  965.1 s] 
[  965.1 s]     1.0    401     250     214.9     19.2   1497.5       3.96          5.60%      94.4%
[  965.1 s]     1.0    801     150     274.1     22.2   2556.9       5.85          7.33%      92.7%
[  965.1 s] 
[  965.1 s] 
[  965.1 s] DONE in 965.1 s
